// Jest Snapshot v1, https://goo.gl/fbAQLP

exports[`Render component EmployeesList correctly Should EmployeesList connected to store render correctly 1`] = `
<div
  className="employee"
>
  <h2
    className="employee__title title"
  >
    Employees
  </h2>
  <ul
    className="users-list"
  >
    <li
      className="users-item"
    >
      <h3
        className="users__letter"
      >
        A
      </h3>
      <label
        className="user-item__name"
      >
        Asi Bob
        <input
          checked={true}
          className="user-item__input visually-hidden"
          onChange={[Function]}
          type="checkbox"
          value="222"
        />
        <span
          className="user-item__checkbox"
        />
      </label>
    </li>
    <li
      className="users-item"
    >
      <h3
        className="users__letter"
      >
        B
      </h3>
      <label
        className="user-item__name"
      >
        Bort Alex
        <input
          checked={true}
          className="user-item__input visually-hidden"
          onChange={[Function]}
          type="checkbox"
          value="111"
        />
        <span
          className="user-item__checkbox"
        />
      </label>
    </li>
    <li
      className="users-item"
    >
      <h3
        className="users__letter"
      >
        C
      </h3>
      <p>
        -----
      </p>
    </li>
    <li
      className="users-item"
    >
      <h3
        className="users__letter"
      >
        D
      </h3>
      <label
        className="user-item__name"
      >
        Dark Anna
        <input
          checked={true}
          className="user-item__input visually-hidden"
          onChange={[Function]}
          type="checkbox"
          value="444"
        />
        <span
          className="user-item__checkbox"
        />
      </label>
    </li>
    <li
      className="users-item"
    >
      <h3
        className="users__letter"
      >
        E
      </h3>
      <p>
        -----
      </p>
    </li>
    <li
      className="users-item"
    >
      <h3
        className="users__letter"
      >
        F
      </h3>
      <p>
        -----
      </p>
    </li>
    <li
      className="users-item"
    >
      <h3
        className="users__letter"
      >
        G
      </h3>
      <p>
        -----
      </p>
    </li>
    <li
      className="users-item"
    >
      <h3
        className="users__letter"
      >
        H
      </h3>
      <p>
        -----
      </p>
    </li>
    <li
      className="users-item"
    >
      <h3
        className="users__letter"
      >
        I
      </h3>
      <p>
        -----
      </p>
    </li>
    <li
      className="users-item"
    >
      <h3
        className="users__letter"
      >
        J
      </h3>
      <p>
        -----
      </p>
    </li>
    <li
      className="users-item"
    >
      <h3
        className="users__letter"
      >
        K
      </h3>
      <p>
        -----
      </p>
    </li>
    <li
      className="users-item"
    >
      <h3
        className="users__letter"
      >
        L
      </h3>
      <p>
        -----
      </p>
    </li>
    <li
      className="users-item"
    >
      <h3
        className="users__letter"
      >
        M
      </h3>
      <p>
        -----
      </p>
    </li>
    <li
      className="users-item"
    >
      <h3
        className="users__letter"
      >
        N
      </h3>
      <label
        className="user-item__name"
      >
        Nofl Mark
        <input
          checked={true}
          className="user-item__input visually-hidden"
          onChange={[Function]}
          type="checkbox"
          value="333"
        />
        <span
          className="user-item__checkbox"
        />
      </label>
    </li>
    <li
      className="users-item"
    >
      <h3
        className="users__letter"
      >
        O
      </h3>
      <p>
        -----
      </p>
    </li>
    <li
      className="users-item"
    >
      <h3
        className="users__letter"
      >
        P
      </h3>
      <p>
        -----
      </p>
    </li>
    <li
      className="users-item"
    >
      <h3
        className="users__letter"
      >
        Q
      </h3>
      <p>
        -----
      </p>
    </li>
    <li
      className="users-item"
    >
      <h3
        className="users__letter"
      >
        R
      </h3>
      <p>
        -----
      </p>
    </li>
    <li
      className="users-item"
    >
      <h3
        className="users__letter"
      >
        S
      </h3>
      <p>
        -----
      </p>
    </li>
    <li
      className="users-item"
    >
      <h3
        className="users__letter"
      >
        T
      </h3>
      <p>
        -----
      </p>
    </li>
    <li
      className="users-item"
    >
      <h3
        className="users__letter"
      >
        U
      </h3>
      <p>
        -----
      </p>
    </li>
    <li
      className="users-item"
    >
      <h3
        className="users__letter"
      >
        V
      </h3>
      <p>
        -----
      </p>
    </li>
    <li
      className="users-item"
    >
      <h3
        className="users__letter"
      >
        W
      </h3>
      <p>
        -----
      </p>
    </li>
    <li
      className="users-item"
    >
      <h3
        className="users__letter"
      >
        X
      </h3>
      <p>
        -----
      </p>
    </li>
    <li
      className="users-item"
    >
      <h3
        className="users__letter"
      >
        Y
      </h3>
      <p>
        -----
      </p>
    </li>
    <li
      className="users-item"
    >
      <h3
        className="users__letter"
      >
        Z
      </h3>
      <p>
        -----
      </p>
    </li>
  </ul>
</div>
`;
